Blazium Engine v0.5.0.dev (4.3.2.stable.custom_build).8df713193 (2026-01-09 20:41:52 UTC) - https://blazium.app

---  GUT  ---
[1m[INFO]:  [0musing [C:/Users/Bioblaze/AppData/Roaming/Blazium/app_userdata/irc_module_tests] for temporary output.
Godot version:  4.3.2
GUT version:  9.4.0
[4m

res://tests/http/test_001_auth_http.gd
[0m* test_http_authentication
[33m    -- Awaiting signal "authentication_url_ready" or for 10.0 second(s) -- 
[0m
=======================================================
!!! HTTP AUTHENTICATION - PLEASE AUTHORIZE IN BROWSER !!!
Link: https://auth.crowdcontrol.live/code/72EPAZNS
Waiting 120 seconds for manual authorization...
=======================================================

[33m    -- Awaiting signal "authenticated" or for 120.0 second(s) -- 
[0m[1m1/1 passed.
[0m[4m

res://tests/http/test_002_session.gd
[0m* test_start_session
[33m    -- Awaiting signal "game_session_started" or for 5.0 second(s) -- 
[0m[31m    [Failed]:  [0mExpected object <CrowdControl#3539992760> to have emitted signal [game_session_started]:   (Signals emitted: [])
      at line 60
[31m    [Failed]:  [0mSession ID should be valid from production API
      at line 63
* test_stop_session
[33m    -- Awaiting signal "game_session_started" or for 5.0 second(s) -- 
[0m[33m    -- Awaiting signal "game_session_stopped" or for 5.0 second(s) -- 
[0m[31m    [Failed]:  [0mExpected object <CrowdControl#3539992760> to have emitted signal [game_session_stopped]:   (Signals emitted: [])
      at line 74
[1m0/2 passed.
[0m[4m

res://tests/http/test_003_reports.gd
[0m* test_report_effects
[1m1/1 passed.
[0m



[33m==============================================
[0m[33m= Run Summary
[0m[33m==============================================
[0m[4m
res://tests/http/test_002_session.gd
[0m- test_start_session
[31m    [Failed]:  [0mExpected object <CrowdControl#3539992760> to have emitted signal [game_session_started]:   (Signals emitted: [])
          at line 60
[31m    [Failed]:  [0mSession ID should be valid from production API
          at line 63
- test_stop_session
[31m    [Failed]:  [0mExpected object <CrowdControl#3539992760> to have emitted signal [game_session_stopped]:   (Signals emitted: [])
          at line 74

---- Totals ----
Scripts           3
Tests             4
  Passing         2
  Failing         2
Asserts           11
Time              71.819s


[31m---- 2 failing tests ----
[0m
